// Jest Snapshot v1, https://goo.gl/fbAQLP

exports[`Bar Component matches the snapshot 1`] = `ShallowWrapper {}`;
