// Jest Snapshot v1, https://goo.gl/fbAQLP

exports[`BarChart Component matches the snapshot 1`] = `ShallowWrapper {}`;
