// Jest Snapshot v1, https://goo.gl/fbAQLP

exports[`Grid Component matches the snapshot 1`] = `ShallowWrapper {}`;
